// Jest Snapshot v1, https://goo.gl/fbAQLP

exports[`<Main /> should render the heading 1`] = `
<main
  class="styles__Wrapper-sc-19t6oi2-0 PEyEO"
>
  <img
    alt="Imagem de um  átomo e React Avançado escrito ao lado"
    class="styles__Logo-sc-19t6oi2-1 frcYVN"
    src="/img/logo.svg"
  />
  <h1
    class="styles__Title-sc-19t6oi2-2 dmmSDz"
  >
    React avançado
  </h1>
  <h2
    class="styles__Description-sc-19t6oi2-3 bpClHM"
  >
    TypeScript, ReactJS, NextJS e Styled Compomponents
  </h2>
  <img
    alt="Imagem de um desenvolvedor codando"
    class="styles__Illustration-sc-19t6oi2-4 lhLvZV"
    src="/img/hero-illustration.svg"
  />
</main>
`
